Value: 10
Value: 11
Value: 12
Value: 13
Value: 14
Value: 15
