Call A::test()
Call B::test()
Call C::test()
Call D::test()
